// Jest Snapshot v1, https://goo.gl/fbAQLP

exports[`Main component render correctly text component 1`] = `ShallowWrapper {}`;
